// Bun Snapshot v1, https://bun.sh/docs/test/snapshots

exports[`HelpOverlay - visibility snapshot when visible 1`] = `
"                                                                                
                                                                                
     ╭─────────────────────────────────────────────────────╮                    
     │                                                     │                    
     │ Keyboard Shortcuts                                  │                    
     │ ==================                                  │                    
     │                                                     │                    
     │   1/2        Focus service bars panel               │                    
     │   3/4        Focus stats panel                      │                    
     │   j/k        Navigate metrics (up/down)             │                    
     │   Tab        Switch focus (bars ↔ stats)            │                    
     │   g          Fullscreen focused panel               │                    
     │   Escape     Close fullscreen                       │                    
     │   [/]        Switch tab (Daily/Weekly/Monthly)      │                    
     │   r          Refresh data now                       │                    
     │   p          Pause/Resume auto-refresh              │                    
     │   +/=        Speed up refresh (min 5s)              │                    
     │   -/_        Slow down refresh (max 60s)            │                    
     │   ?          Toggle this help overlay               │                    
     │   q          Quit                                   │                    
     │                                                     │                    
     │   Mouse wheel scrolls content in tabs               │                    
     │                                                     │                    
     │                                                     │                    
     ╰─────────────────────────────────────────────────────╯                    
"
`;
