// Bun Snapshot v1, https://bun.sh/docs/test/snapshots

exports[`ServicePanel - Claude metrics snapshot with Claude metrics 1`] = `
"╭─ [1] Claude CLI - max ───────────────────────────────────────────────────────────────────────────────────────────────╮
│   Session (5h)                                                                                                       │
│   ▓▓▓▓▓▓▓▓▓░░░░░░░░░░░░░░░░░░░░░░░░░░ ◆ 25%                                                                          │
│          ┃      ┃      ┃      ┃                                                                                      │
│   ▓▓▓▓▓▓▓▓▓▓▓▓▓▓▓▓▓▓▓▓▓▓▓▓▓▓▓▓▓▓▓▓▓▓▓ ⏱ 100%                                                                         │
│     Resets: Feb 18 at 3:00am                                                                                         │
│                                                                                                                      │
│   Weekly (All)                                                                                                       │
│   ▓▓▓▓▓▓▓▓▓▓▓▓▓▓▓▓▓▓░░░░░░░░░░░░░░░░░ ◆ 50%                                                                          │
│        ┃    ┃    ┃    ┃    ┃    ┃                                                                                    │
│   ▓▓▓▓▓▓▓▓▓▓▓▓▓▓▓▓▓▓▓▓▓▓▓▓▓▓▓▓▓▓▓▓▓▓░ ⏱ 97%                                                                          │
│     Resets: Feb 18 at 11:00am                                                                                        │
│                                                                                                                      │
│   Weekly (Sonnet)                                                                                                    │
│   ▓▓▓▓░░░░░░░░░░░░░░░░░░░░░░░░░░░░░░░ ◆ 10%                                                                          │
│        ┃    ┃    ┃    ┃    ┃    ┃                                                                                    │
│   ▓▓▓▓▓▓▓▓▓▓▓▓▓▓▓▓▓▓▓▓▓▓▓▓▓▓▓▓▓▓▓▓▓▓░ ⏱ 97%                                                                          │
│     Resets: Feb 18 at 11:00am                                                                                        │
│                                                                                                                      │
│                                                                                                                      │
│                                                                                                                      │
│                                                                                                                      │
│                                                                                                                      │
│                                                                                                                      │
│                                                                                                                      │
│                                                                                                                      │
│                                                                                                                      │
│                                                                                                                      │
│                                                                                                                      │
│                                                                                                                      │
│                                                                                                                      │
│                                                                                                                      │
│                                                                                                                      │
│                                                                                                                      │
│                                                                                                                      │
│                                                                                                                      │
│                                                                                                                      │
│                                                                                                                      │
│                                                                                                                      │
╰──────────────────────────────────────────────────────────────────────────────────────────────────────────────────────╯
"
`;
