// Bun Snapshot v1, https://bun.sh/docs/test/snapshots

exports[`ServicePanel - Claude metrics snapshot with Claude metrics 1`] = `
"╭─ [1] Claude CLI - max ───────────────────────────────────────────────────────────────────────────────────────────────╮
│ ▸ Weekly (All)                                                                                                       │
│   ▓▓▓▓▓▓▓▓▓▓▓▓▓▓▓▓░░░░░░░░░░░░░░░░ ◆ 50%                                                                             │
│       ┃   ┃   ┃   ┃   ┃   ┃                                                                                          │
│   ▓▓▓▓▓▓▓▓▓▓▓▓▓▓▓▓▓▓▓▓▓▓▓▓▓▓▓▓▓▓▓▓ ⏱ 100%                                                                            │
│                                                                                                                      │
│   Resets: Feb 18 at 11:00am (0m)                                                                                     │
│                                                                                                                      │
│   Weekly (Sonnet)  ◆ 10%  ⏱ 100%                                                                                     │
│   Session (5h)  ◆ 25%  ⏱ 100%                                                                                        │
│                                                                                                                      │
│                                                                                                                      │
│                                                                                                                      │
│                                                                                                                      │
│                                                                                                                      │
│                                                                                                                      │
│                                                                                                                      │
│                                                                                                                      │
│                                                                                                                      │
│                                                                                                                      │
│                                                                                                                      │
│                                                                                                                      │
│                                                                                                                      │
│                                                                                                                      │
│                                                                                                                      │
│                                                                                                                      │
│                                                                                                                      │
│                                                                                                                      │
│                                                                                                                      │
│                                                                                                                      │
│                                                                                                                      │
│                                                                                                                      │
│                                                                                                                      │
│                                                                                                                      │
│                                                                                                                      │
│                                                                                                                      │
│                                                                                                                      │
│                                                                                                                      │
│                                                                                                                      │
╰──────────────────────────────────────────────────────────────────────────────────────────────────────────────────────╯
"
`;
